line 3:25 mismatched input ')' expecting {'[', ';', '.', '<', '>', '<=', '>=', '==', '!=', '&&', '||', '+', '-', '*', '/', '%'}