line 3:6 mismatched input '=' expecting {'[', ';', '.', '<', '>', '<=', '>=', '==', '!=', '&&', '||', '+', '-', '*', '/', '%'}
