line 3:11 no viable alternative at input 'returnreturn'
