line 3:8 extraneous input '5' expecting ']'
line 3:11 extraneous input '5' expecting ']'