line 2:16 extraneous input ',' expecting ID
line 2:28 extraneous input '/' expecting {<EOF>, 'void', 'String', 'int', 'class', 'interface', 'boolean', ID}
line 2:43 token recognition error at: '''
