line 2:20 mismatched input '/' expecting {'(', '{', '}', '!', '-', 'String', 'this', 'while', 'break', 'readInt', 'int', 'if', 'new', 'readLine', 'boolean', 'null', 'for', 'return', 'print', 'continue', BOOL, STRING, INT, ID}
