line 3:17 mismatched input '=' expecting {',', ';'}