line 4:0 mismatched input '}' expecting {'(', '{', '!', '-', 'this', 'while', 'break', 'readInt', 'if', 'new', 'readLine', 'null', 'for', 'return', 'print', 'continue', BOOL, STRING, INT, ID}