line 3:8 no viable alternative at input 'newvoid'
line 3:12 missing ID at '('
line 3:14 mismatched input ';' expecting '{'