line 2:24 extraneous input ';' expecting {')', ','}