line 2:6 missing ID at '{'
line 2:16 extraneous input '/' expecting {<EOF>, 'void', 'String', 'int', 'class', 'interface', 'boolean', ID}
line 2:37 mismatched input '<EOF>' expecting '{'