line 4:19 mismatched input ']' expecting {'(', '!', '-', 'this', 'readInt', 'new', 'readLine', 'null', BOOL, STRING, INT, ID}
