line 3:11 mismatched input ')' expecting {'(', '!', '-', 'this', 'readInt', 'new', 'readLine', 'null', BOOL, STRING, INT, ID}
