line 4:11 mismatched input ',' expecting {'[', ']', '.', '<', '>', '<=', '>=', '==', '!=', '&&', '||', '+', '-', '*', '/', '%', '='}
