line 2:0  IDENT True
line 3:0  BOOL true
line 4:0  IDENT False
line 5:0  BOOL false
line 6:0  IDENT truefalse