line 2:0  INT 10
line 2:2  .
line 2:3  INT 01
line 3:0  INT 0
line 3:1  IDENT xdeadbeef