line 2:0  /
line 2:2  *
line 2:4  IDENT not
line 2:8  IDENT a
line 2:10  IDENT valid
line 2:16  IDENT comment
line 2:24  *
line 2:25  /