line 2:0  +
line 3:0  -
line 4:0  *
line 5:0  /
line 6:0  %
line 7:0  <
line 8:0  <=
line 9:0  >
line 10:0  >=
line 11:0  =
line 12:0  ==
line 13:0  !=
line 14:0  &&
line 15:0  ||
line 16:0  !
line 17:0  ;
line 18:0  ,
line 19:0  .
line 20:0  [
line 21:0  ]
line 22:0  (
line 23:0  )
line 24:0  {
line 25:0  }