line 2:0  void
line 3:0  String
line 4:0  this
line 5:0  while
line 6:0  break
line 7:0  continue
line 8:0  int
line 9:0  class
line 10:0  extends
line 11:0  if
line 12:0  new
line 13:0  interface
line 14:0  implements
line 15:0  else
line 16:0  boolean
line 17:0  null
line 18:0  for
line 19:0  return
line 20:0  print
line 21:0  readInt
line 22:0  readLine