line 2:0  /
line 2:2  IDENT not
line 2:6  IDENT a
line 2:8  IDENT valid
line 2:14  IDENT single
line 2:20  -
line 2:21  IDENT line
line 2:26  IDENT comment
line 3:0  /
line 3:2  /
line 3:4  IDENT still
line 3:10  IDENT not
line 3:14  IDENT a
line 3:16  IDENT valid
line 3:22  IDENT single
line 3:28  -
line 3:29  IDENT line
line 3:34  IDENT comment
line 4:0  /
line 4:1  /
line 4:3  this
line 4:8  IDENT single
line 4:14  -
line 4:15  IDENT line
line 4:20  IDENT comment
line 4:28  IDENT isn
line 4:31  token recognition error at: '''
line 4:32  IDENT t
line 4:34  IDENT valid
line 4:40  IDENT since
line 4:46  IDENT it
line 4:49  IDENT doesn
line 4:54  token recognition error at: '''
line 4:55  IDENT t
line 4:57  IDENT end
line 4:61  IDENT with
line 4:66  IDENT a
line 4:68  IDENT newline
