line 2:0  +
line 3:0  -
line 4:0  /
line 5:0  *
line 6:0  %