line 3:0 RES_WORD public
line 3:20 RES_WORD main
line 4:0 RES_WORD public
line 4:16 RES_WORD main