line 2:0  <
line 3:0  <=
line 4:0  >
line 5:0  >=
line 6:0  &&
line 7:0  ||
line 8:0  ==
line 9:0  !=
line 10:0  !