line 2:0  IDENT abc123_
line 2:7  token recognition error at: '@'