line 3:23  IDENT do
line 3:26  IDENT not
line 3:30  IDENT nest
line 3:35  *
line 3:36  /