line 2:0 RES_WORD class
line 3:0 RES_WORD public
line 4:0 RES_WORD static
line 5:0 RES_WORD void
line 6:0 RES_WORD main
line 7:0 RES_WORD String
line 8:0 RES_WORD extends
line 9:0 RES_WORD int
line 10:0 RES_WORD boolean
line 11:0 RES_WORD if
line 12:0 RES_WORD return
line 13:0 RES_WORD while
line 14:0 RES_WORD System.out.println
line 15:0  BOOL true
line 16:0  BOOL false
line 17:0 RES_WORD this
line 18:0 RES_WORD new