tests/scanner/input/reservedWords-02
line 2:0 RES_WORD if
line 3:0  IDENT If
line 4:0  IDENT iF
line 5:0  IDENT IF
line 6:0  IDENT ifelse