line 2:0 RES_WORD public
line 2:7 RES_WORD main
line 3:0 RES_WORD public
line 3:8 RES_WORD main
line 4:0 RES_WORD public
line 4:20 RES_WORD main
line 5:0 RES_WORD public
line 6:0 RES_WORD main